:200000000001010402050306040A0C01050D02060E0306104F110712081409150A160B1878
:2000200019010C1A1C020D1D030E1E040F20001021112412251326142829152A2C01152DED
:2000400002152E0315301D3116321734183519361A3839011A3A3C021A3D031A3E041A4068
:20006000411B451C461D48451E4A4C011E4D021E4E031E50EF511F52205521562258590163
:20008000225A5D02225E03226061236424652566266869276A6C01276D02276E032770C406
:2000A00071287229742A752B762C7879012C7A7C022C7D032C7E042C80AA812E842F85304F
:2000C00086318889328A8C01328D02328E0332909391339234943595369637989901379A48
:2000E0009C02379D03379E0437A038A139A23AA43BA53CA63DA8A93EAAAC013EAD023EAE8B
:20010000033EB0C4B13FB240B441B542B643B8B90143BABC0243BD0343BE0443C044C145E1
:20012000C446C547C648C8C949CACC0149CD0249CE0349D093D14AD24BD54CD64DD8D9011E
:200140004DDADD024DDE034DE04EE14FE450E551E652E8E953EAEC0153ED0253EE0353F05A
:14016000CBF154F255F556F657F8F90157FAFD0257FE0357AB
:00000001FF
