:160000000808A910A910A964A910A910A555AD1111B541BD00412C
:00000001FF
