:020000000808EE
:0B107700AD1111B541BD7710AD7A102E
:06207700A900A9FFA90168
:00000001FF
