:070F0000A5006501850260F8
:0B100000A9728500A91C850120000FCB
:00000001FF
