:0BE00000A9108500A92085012000F078
:05F00000A600A4016060
:00000001FF
