:201000001823534F4D45205445535499001101341231323334350031313132323231003285
:0D10200032333333006E65770A6C696E65FC
:00000001FF
