:200000000001FF04FF05FF06FF07FF0809FF0A0CFFFF0DFFFF0EFFFF0FFFFD10FE11FF1258
:20002000FF14FF15FF16FF17FF1819FFFF1A1CFFFF1DFFFF1EFFFF1FFFFD20FFFF21FF2458
:20004000FF25FF26FF27FF2829FF2A2CFFFF2DFFFF2EFFFF2FFFFD30FE31FF32FF34FF3515
:20006000FF36FF37FF3839FFFF3A3CFFFF3DFFFF3EFFFF3FFFFD4041FF45FF46FF47FF48EA
:2000800049FF4A4CFFFF4DFFFF4EFFFF4FFFFD50FE51FF52FF55FF56FF57FF5859FFFF5AAB
:2000A0005DFFFF5EFFFF5FFFFD6061FF64FF65FF66FF67FF6869FF6A6CFFFF6DFFFF6EFF60
:2000C000FF6FFFFD70FE71FF72FF74FF75FF76FF77FF7879FFFF7A7CFFFF7DFFFF7EFFFFBB
:2000E0007FFFFD80FE81FF84FF85FF86FF87FF8889FF8A8CFFFF8DFFFF8EFFFF8FFFFD901F
:20010000FE91FF92FF94FF95FF96FF97FF9899FFFF9A9CFFFF9DFFFF9EFFFF9FFFFDA0FF9A
:20012000A1FFA2FFA4FFA5FFA6FFA7FFA8A9FFAAACFFFFADFFFFAEFFFFAFFFFDB0FEB1FFE8
:20014000B2FFB4FFB5FFB6FFB7FFB8B9FFFFBABCFFFFBDFFFFBEFFFFBFFFFDC0FFC1FFC4C4
:20016000FFC5FFC6FFC7FFC8C9FFCACCFFFFCDFFFFCEFFFFCFFFFDD0FED1FFD2FFD5FFD692
:20018000FFD7FFD8D9FFFFDADDFFFFDEFFFFDFFFFDE0FFE1FFE4FFE5FFE6FFE7FFE8E9FF4E
:2001A000EAECFFFFEDFFFFEEFFFFEFFFFDF0FEF1FFF2FFF5FFF6FFF7FFF8F9FFFFFAFDFF16
:0701C000FFFEFFFFFFFFFD42
:00000001FF
