:20100000A901850203A910A9C885FC746869732069730A09612074657374202273747269E5
:0D1020006E6722A910A9204C25104C251048
:20800000AA101000AAAA1020301000000100107465737420737472696E6731323300736FD2
:1C8020006D65207465737420737472696E67006F746865720A737472696E670018
:07808000A9AA85004C0000D5
:20810000AA0A080608050255FF0034125555FFFF55FF0AEAB510000000000000000000003F
:15812000000000000000000000007465737420737472696E67D3
:1FF00000282AA911A5AAADAAAAA1AAB1AAB2BBB5CCB9CC00BDAACCB9AACC0F10E3972061
:03FF0000EAEAEA40
:03FFFC004C00FFB7
:00000001FF
